Archive member included to satisfy reference by file (symbol)

e:/program files (x86)/gnu tools arm embedded/8 2019-q3-update/bin/../lib/gcc/arm-none-eabi/8.3.1/thumb/v7e-m/nofp\libgcc.a(_aeabi_uldivmod.o)
                              CMakeFiles/BuoyancyCabin.elf.dir/Drivers/STM32F4xx_HAL_Driver/Src/stm32f4xx_hal_rcc.c.obj (__aeabi_uldivmod)
e:/program files (x86)/gnu tools arm embedded/8 2019-q3-update/bin/../lib/gcc/arm-none-eabi/8.3.1/thumb/v7e-m/nofp\libgcc.a(_udivmoddi4.o)
                              e:/program files (x86)/gnu tools arm embedded/8 2019-q3-update/bin/../lib/gcc/arm-none-eabi/8.3.1/thumb/v7e-m/nofp\libgcc.a(_aeabi_uldivmod.o) (__udivmoddi4)
e:/program files (x86)/gnu tools arm embedded/8 2019-q3-update/bin/../lib/gcc/arm-none-eabi/8.3.1/thumb/v7e-m/nofp\libgcc.a(_dvmd_tls.o)
                              e:/program files (x86)/gnu tools arm embedded/8 2019-q3-update/bin/../lib/gcc/arm-none-eabi/8.3.1/thumb/v7e-m/nofp\libgcc.a(_aeabi_uldivmod.o) (__aeabi_ldiv0)
e:/program files (x86)/gnu tools arm embedded/8 2019-q3-update/bin/../lib/gcc/arm-none-eabi/8.3.1/../../../../arm-none-eabi/lib/thumb/v7e-m/nofp\libg.a(lib_a-errno.o)
                              CMakeFiles/BuoyancyCabin.elf.dir/Core/Src/syscalls.c.obj (__errno)
e:/program files (x86)/gnu tools arm embedded/8 2019-q3-update/bin/../lib/gcc/arm-none-eabi/8.3.1/../../../../arm-none-eabi/lib/thumb/v7e-m/nofp\libg.a(lib_a-exit.o)
                              e:/program files (x86)/gnu tools arm embedded/8 2019-q3-update/bin/../lib/gcc/arm-none-eabi/8.3.1/../../../../arm-none-eabi/lib/thumb/v7e-m/nofp/crt0.o (exit)
e:/program files (x86)/gnu tools arm embedded/8 2019-q3-update/bin/../lib/gcc/arm-none-eabi/8.3.1/../../../../arm-none-eabi/lib/thumb/v7e-m/nofp\libg.a(lib_a-impure.o)
                              e:/program files (x86)/gnu tools arm embedded/8 2019-q3-update/bin/../lib/gcc/arm-none-eabi/8.3.1/../../../../arm-none-eabi/lib/thumb/v7e-m/nofp\libg.a(lib_a-exit.o) (_global_impure_ptr)
e:/program files (x86)/gnu tools arm embedded/8 2019-q3-update/bin/../lib/gcc/arm-none-eabi/8.3.1/../../../../arm-none-eabi/lib/thumb/v7e-m/nofp\libg.a(lib_a-init.o)
                              e:/program files (x86)/gnu tools arm embedded/8 2019-q3-update/bin/../lib/gcc/arm-none-eabi/8.3.1/../../../../arm-none-eabi/lib/thumb/v7e-m/nofp/crt0.o (__libc_init_array)
e:/program files (x86)/gnu tools arm embedded/8 2019-q3-update/bin/../lib/gcc/arm-none-eabi/8.3.1/../../../../arm-none-eabi/lib/thumb/v7e-m/nofp\libg.a(lib_a-memset.o)
                              e:/program files (x86)/gnu tools arm embedded/8 2019-q3-update/bin/../lib/gcc/arm-none-eabi/8.3.1/../../../../arm-none-eabi/lib/thumb/v7e-m/nofp/crt0.o (memset)
e:/program files (x86)/gnu tools arm embedded/8 2019-q3-update/bin/../lib/gcc/arm-none-eabi/8.3.1/../../../../arm-none-eabi/lib/thumb/v7e-m/nofp\libg.a(lib_a-__call_atexit.o)
                              e:/program files (x86)/gnu tools arm embedded/8 2019-q3-update/bin/../lib/gcc/arm-none-eabi/8.3.1/../../../../arm-none-eabi/lib/thumb/v7e-m/nofp\libg.a(lib_a-exit.o) (__call_exitprocs)
e:/program files (x86)/gnu tools arm embedded/8 2019-q3-update/bin/../lib/gcc/arm-none-eabi/8.3.1/../../../../arm-none-eabi/lib/thumb/v7e-m/nofp\libg.a(lib_a-atexit.o)
                              e:/program files (x86)/gnu tools arm embedded/8 2019-q3-update/bin/../lib/gcc/arm-none-eabi/8.3.1/../../../../arm-none-eabi/lib/thumb/v7e-m/nofp\libg.a(lib_a-__call_atexit.o) (atexit)
e:/program files (x86)/gnu tools arm embedded/8 2019-q3-update/bin/../lib/gcc/arm-none-eabi/8.3.1/../../../../arm-none-eabi/lib/thumb/v7e-m/nofp\libg.a(lib_a-fini.o)
                              e:/program files (x86)/gnu tools arm embedded/8 2019-q3-update/bin/../lib/gcc/arm-none-eabi/8.3.1/../../../../arm-none-eabi/lib/thumb/v7e-m/nofp\libg.a(lib_a-__call_atexit.o) (__libc_fini_array)
e:/program files (x86)/gnu tools arm embedded/8 2019-q3-update/bin/../lib/gcc/arm-none-eabi/8.3.1/../../../../arm-none-eabi/lib/thumb/v7e-m/nofp\libg.a(lib_a-lock.o)
                              e:/program files (x86)/gnu tools arm embedded/8 2019-q3-update/bin/../lib/gcc/arm-none-eabi/8.3.1/../../../../arm-none-eabi/lib/thumb/v7e-m/nofp\libg.a(lib_a-__call_atexit.o) (__retarget_lock_acquire_recursive)
e:/program files (x86)/gnu tools arm embedded/8 2019-q3-update/bin/../lib/gcc/arm-none-eabi/8.3.1/../../../../arm-none-eabi/lib/thumb/v7e-m/nofp\libg.a(lib_a-__atexit.o)
                              e:/program files (x86)/gnu tools arm embedded/8 2019-q3-update/bin/../lib/gcc/arm-none-eabi/8.3.1/../../../../arm-none-eabi/lib/thumb/v7e-m/nofp\libg.a(lib_a-atexit.o) (__register_exitproc)

Allocating common symbols
Common symbol       size              file

__lock___atexit_recursive_mutex
                    0x1               e:/program files (x86)/gnu tools arm embedded/8 2019-q3-update/bin/../lib/gcc/arm-none-eabi/8.3.1/../../../../arm-none-eabi/lib/thumb/v7e-m/nofp\libg.a(lib_a-lock.o)
[...]
Memory Configuration

Name             Origin             Length             Attributes
CCMRAM           0x10000000         0x00010000         xrw
RAM              0x20000000         0x00020000         xrw
FLASH            0x08000000         0x00100000         xr
*default*        0x00000000         0xffffffff

Linker script and memory map

LOAD e:/program files (x86)/gnu tools arm embedded/8 2019-q3-update/bin/../lib/gcc/arm-none-eabi/8.3.1/thumb/v7e-m/nofp/crti.o
LOAD e:/program files (x86)/gnu tools arm embedded/8 2019-q3-update/bin/../lib/gcc/arm-none-eabi/8.3.1/thumb/v7e-m/nofp/crtbegin.o
LOAD e:/program files (x86)/gnu tools arm embedded/8 2019-q3-update/bin/../lib/gcc/arm-none-eabi/8.3.1/../../../../arm-none-eabi/lib/thumb/v7e-m/nofp/crt0.o
LOAD CMakeFiles/BuoyancyCabin.elf.dir/Core/Src/gpio.c.obj
LOAD CMakeFiles/BuoyancyCabin.elf.dir/Core/Src/main.c.obj
LOAD CMakeFiles/BuoyancyCabin.elf.dir/Core/Src/stm32f4xx_hal_msp.c.obj
LOAD CMakeFiles/BuoyancyCabin.elf.dir/Core/Src/stm32f4xx_it.c.obj
LOAD CMakeFiles/BuoyancyCabin.elf.dir/Core/Src/syscalls.c.obj
LOAD CMakeFiles/BuoyancyCabin.elf.dir/Core/Src/sysmem.c.obj
LOAD CMakeFiles/BuoyancyCabin.elf.dir/Core/Src/system_stm32f4xx.c.obj
LOAD CMakeFiles/BuoyancyCabin.elf.dir/Core/Startup/startup_stm32f405rgtx.s.obj
LOAD CMakeFiles/BuoyancyCabin.elf.dir/Drivers/STM32F4xx_HAL_Driver/Src/stm32f4xx_hal.c.obj
LOAD CMakeFiles/BuoyancyCabin.elf.dir/Drivers/STM32F4xx_HAL_Driver/Src/stm32f4xx_hal_cortex.c.obj
LOAD CMakeFiles/BuoyancyCabin.elf.dir/Drivers/STM32F4xx_HAL_Driver/Src/stm32f4xx_hal_dma.c.obj
LOAD CMakeFiles/BuoyancyCabin.elf.dir/Drivers/STM32F4xx_HAL_Driver/Src/stm32f4xx_hal_dma_ex.c.obj
LOAD CMakeFiles/BuoyancyCabin.elf.dir/Drivers/STM32F4xx_HAL_Driver/Src/stm32f4xx_hal_exti.c.obj
LOAD CMakeFiles/BuoyancyCabin.elf.dir/Drivers/STM32F4xx_HAL_Driver/Src/stm32f4xx_hal_flash.c.obj
LOAD CMakeFiles/BuoyancyCabin.elf.dir/Drivers/STM32F4xx_HAL_Driver/Src/stm32f4xx_hal_flash_ex.c.obj
LOAD CMakeFiles/BuoyancyCabin.elf.dir/Drivers/STM32F4xx_HAL_Driver/Src/stm32f4xx_hal_flash_ramfunc.c.obj
LOAD CMakeFiles/BuoyancyCabin.elf.dir/Drivers/STM32F4xx_HAL_Driver/Src/stm32f4xx_hal_gpio.c.obj
LOAD CMakeFiles/BuoyancyCabin.elf.dir/Drivers/STM32F4xx_HAL_Driver/Src/stm32f4xx_hal_pwr.c.obj
LOAD CMakeFiles/BuoyancyCabin.elf.dir/Drivers/STM32F4xx_HAL_Driver/Src/stm32f4xx_hal_pwr_ex.c.obj
LOAD CMakeFiles/BuoyancyCabin.elf.dir/Drivers/STM32F4xx_HAL_Driver/Src/stm32f4xx_hal_rcc.c.obj
LOAD CMakeFiles/BuoyancyCabin.elf.dir/Drivers/STM32F4xx_HAL_Driver/Src/stm32f4xx_hal_rcc_ex.c.obj
LOAD CMakeFiles/BuoyancyCabin.elf.dir/Drivers/STM32F4xx_HAL_Driver/Src/stm32f4xx_hal_tim.c.obj
LOAD CMakeFiles/BuoyancyCabin.elf.dir/Drivers/STM32F4xx_HAL_Driver/Src/stm32f4xx_hal_tim_ex.c.obj
START GROUP
LOAD e:/program files (x86)/gnu tools arm embedded/8 2019-q3-update/bin/../lib/gcc/arm-none-eabi/8.3.1/thumb/v7e-m/nofp\libgcc.a
LOAD e:/program files (x86)/gnu tools arm embedded/8 2019-q3-update/bin/../lib/gcc/arm-none-eabi/8.3.1/../../../../arm-none-eabi/lib/thumb/v7e-m/nofp\libg.a
LOAD e:/program files (x86)/gnu tools arm embedded/8 2019-q3-update/bin/../lib/gcc/arm-none-eabi/8.3.1/../../../../arm-none-eabi/lib/thumb/v7e-m/nofp\libc.a
END GROUP
LOAD e:/program files (x86)/gnu tools arm embedded/8 2019-q3-update/bin/../lib/gcc/arm-none-eabi/8.3.1/thumb/v7e-m/nofp/crtend.o
LOAD e:/program files (x86)/gnu tools arm embedded/8 2019-q3-update/bin/../lib/gcc/arm-none-eabi/8.3.1/thumb/v7e-m/nofp/crtn.o
                0x20020000                _estack = (ORIGIN (RAM) + LENGTH (RAM))
                0x00000200                _Min_Heap_Size = 0x200
                0x00000400                _Min_Stack_Size = 0x400

.isr_vector     0x08000000      0x188
                0x08000000                . = ALIGN (0x4)
 *(.isr_vector)
 .isr_vector    0x08000000      0x188 CMakeFiles/BuoyancyCabin.elf.dir/Core/Startup/startup_stm32f405rgtx.s.obj
                0x08000000                g_pfnVectors
                0x08000188                . = ALIGN (0x4)

.text           0x08000188      0xe4c
                0x08000188                . = ALIGN (0x4)
 *(.text)
 .text          0x08000188       0x40 e:/program files (x86)/gnu tools arm embedded/8 2019-q3-update/bin/../lib/gcc/arm-none-eabi/8.3.1/thumb/v7e-m/nofp/crtbegin.o
 .text          0x080001c8       0x30 e:/program files (x86)/gnu tools arm embedded/8 2019-q3-update/bin/../lib/gcc/arm-none-eabi/8.3.1/thumb/v7e-m/nofp\libgcc.a(_aeabi_uldivmod.o)
                0x080001c8                __aeabi_uldivmod
 .text          0x080001f8      0x2d0 e:/program files (x86)/gnu tools arm embedded/8 2019-q3-update/bin/../lib/gcc/arm-none-eabi/8.3.1/thumb/v7e-m/nofp\libgcc.a(_udivmoddi4.o)
                0x080001f8                __udivmoddi4
 .text          0x080004c8        0x4 e:/program files (x86)/gnu tools arm embedded/8 2019-q3-update/bin/../lib/gcc/arm-none-eabi/8.3.1/thumb/v7e-m/nofp\libgcc.a(_dvmd_tls.o)
                0x080004c8                __aeabi_idiv0
                0x080004c8                __aeabi_ldiv0
 *(.text*)
 .text.MX_GPIO_Init
                0x080004cc       0x38 CMakeFiles/BuoyancyCabin.elf.dir/Core/Src/gpio.c.obj
                0x080004cc                MX_GPIO_Init
 .text.Error_Handler
                0x08000504        0x4 CMakeFiles/BuoyancyCabin.elf.dir/Core/Src/main.c.obj
                0x08000504                Error_Handler
 .text.SystemClock_Config
                0x08000508       0xa8 CMakeFiles/BuoyancyCabin.elf.dir/Core/Src/main.c.obj
                0x08000508                SystemClock_Config
 .text.main     0x080005b0       0x10 CMakeFiles/BuoyancyCabin.elf.dir/Core/Src/main.c.obj
                0x080005b0                main
 .text.HAL_MspInit
                0x080005c0       0x38 CMakeFiles/BuoyancyCabin.elf.dir/Core/Src/stm32f4xx_hal_msp.c.obj
                0x080005c0                HAL_MspInit
 .text.NMI_Handler
                0x080005f8        0x2 CMakeFiles/BuoyancyCabin.elf.dir/Core/Src/stm32f4xx_it.c.obj
                0x080005f8                NMI_Handler
 .text.HardFault_Handler
                0x080005fa        0x2 CMakeFiles/BuoyancyCabin.elf.dir/Core/Src/stm32f4xx_it.c.obj
                0x080005fa                HardFault_Handler
 .text.MemManage_Handler
                0x080005fc        0x2 CMakeFiles/BuoyancyCabin.elf.dir/Core/Src/stm32f4xx_it.c.obj
                0x080005fc                MemManage_Handler
 .text.BusFault_Handler
                0x080005fe        0x2 CMakeFiles/BuoyancyCabin.elf.dir/Core/Src/stm32f4xx_it.c.obj
                0x080005fe                BusFault_Handler
 .text.UsageFault_Handler
                0x08000600        0x2 CMakeFiles/BuoyancyCabin.elf.dir/Core/Src/stm32f4xx_it.c.obj
                0x08000600                UsageFault_Handler
 .text.SVC_Handler
                0x08000602        0x2 CMakeFiles/BuoyancyCabin.elf.dir/Core/Src/stm32f4xx_it.c.obj
                0x08000602                SVC_Handler
 .text.DebugMon_Handler
                0x08000604        0x2 CMakeFiles/BuoyancyCabin.elf.dir/Core/Src/stm32f4xx_it.c.obj
                0x08000604                DebugMon_Handler
 .text.PendSV_Handler
                0x08000606        0x2 CMakeFiles/BuoyancyCabin.elf.dir/Core/Src/stm32f4xx_it.c.obj
                0x08000606                PendSV_Handler
 .text.SysTick_Handler
                0x08000608        0x8 CMakeFiles/BuoyancyCabin.elf.dir/Core/Src/stm32f4xx_it.c.obj
                0x08000608                SysTick_Handler
 .text.SystemInit
                0x08000610       0x10 CMakeFiles/BuoyancyCabin.elf.dir/Core/Src/system_stm32f4xx.c.obj
                0x08000610                SystemInit
 .text.Reset_Handler
                0x08000620       0x50 CMakeFiles/BuoyancyCabin.elf.dir/Core/Startup/startup_stm32f405rgtx.s.obj
                0x08000620                Reset_Handler
 .text.Default_Handler
                0x08000670        0x2 CMakeFiles/BuoyancyCabin.elf.dir/Core/Startup/startup_stm32f405rgtx.s.obj
                0x08000670                RTC_Alarm_IRQHandler
                0x08000670                HASH_RNG_IRQHandler
                0x08000670                EXTI2_IRQHandler
                0x08000670                TIM8_CC_IRQHandler
                0x08000670                TIM1_CC_IRQHandler
                0x08000670                DMA2_Stream5_IRQHandler
                0x08000670                DMA1_Stream5_IRQHandler
                0x08000670                PVD_IRQHandler
                0x08000670                SDIO_IRQHandler
                0x08000670                TAMP_STAMP_IRQHandler
                0x08000670                CAN2_RX1_IRQHandler
                0x08000670                EXTI3_IRQHandler
                0x08000670                TIM8_TRG_COM_TIM14_IRQHandler
                0x08000670                TIM1_UP_TIM10_IRQHandler
                0x08000670                TIM8_UP_TIM13_IRQHandler
                0x08000670                I2C3_ER_IRQHandler
                0x08000670                EXTI0_IRQHandler
                0x08000670                I2C2_EV_IRQHandler
                0x08000670                DMA1_Stream2_IRQHandler
                0x08000670                CAN1_RX0_IRQHandler
                0x08000670                FPU_IRQHandler
                0x08000670                OTG_HS_WKUP_IRQHandler
                0x08000670                CAN2_SCE_IRQHandler
                0x08000670                DMA2_Stream2_IRQHandler
                0x08000670                SPI1_IRQHandler
                0x08000670                TIM6_DAC_IRQHandler
                0x08000670                TIM1_BRK_TIM9_IRQHandler
                0x08000670                CAN2_RX0_IRQHandler
                0x08000670                DMA2_Stream3_IRQHandler
                0x08000670                USART6_IRQHandler
                0x08000670                USART3_IRQHandler
                0x08000670                CAN1_RX1_IRQHandler
                0x08000670                UART5_IRQHandler
                0x08000670                DMA2_Stream0_IRQHandler
                0x08000670                TIM4_IRQHandler
                0x08000670                I2C1_EV_IRQHandler
                0x08000670                DMA1_Stream6_IRQHandler
                0x08000670                DMA1_Stream1_IRQHandler
                0x08000670                UART4_IRQHandler
                0x08000670                TIM3_IRQHandler
                0x08000670                RCC_IRQHandler
                0x08000670                TIM8_BRK_TIM12_IRQHandler
                0x08000670                Default_Handler
                0x08000670                EXTI15_10_IRQHandler
                0x08000670                ADC_IRQHandler
                0x08000670                DMA1_Stream7_IRQHandler
                0x08000670                TIM7_IRQHandler
                0x08000670                CAN2_TX_IRQHandler
                0x08000670                TIM5_IRQHandler
                0x08000670                DMA2_Stream7_IRQHandler
                0x08000670                I2C3_EV_IRQHandler
                0x08000670                EXTI9_5_IRQHandler
                0x08000670                RTC_WKUP_IRQHandler
                0x08000670                SPI2_IRQHandler
                0x08000670                OTG_HS_EP1_IN_IRQHandler
                0x08000670                DMA1_Stream0_IRQHandler
                0x08000670                CAN1_TX_IRQHandler
                0x08000670                EXTI4_IRQHandler
                0x08000670                FSMC_IRQHandler
                0x08000670                OTG_HS_EP1_OUT_IRQHandler
                0x08000670                WWDG_IRQHandler
                0x08000670                TIM2_IRQHandler
                0x08000670                OTG_FS_WKUP_IRQHandler
                0x08000670                TIM1_TRG_COM_TIM11_IRQHandler
                0x08000670                OTG_HS_IRQHandler
                0x08000670                EXTI1_IRQHandler
                0x08000670                USART2_IRQHandler
                0x08000670                I2C2_ER_IRQHandler
                0x08000670                DMA2_Stream1_IRQHandler
                0x08000670                CAN1_SCE_IRQHandler
                0x08000670                FLASH_IRQHandler
                0x08000670                DMA2_Stream4_IRQHandler
                0x08000670                USART1_IRQHandler
                0x08000670                OTG_FS_IRQHandler
                0x08000670                SPI3_IRQHandler
                0x08000670                DMA1_Stream4_IRQHandler
                0x08000670                I2C1_ER_IRQHandler
                0x08000670                DMA2_Stream6_IRQHandler
                0x08000670                DMA1_Stream3_IRQHandler
 *fill*         0x08000672        0x2 
 .text.HAL_InitTick
                0x08000674       0x4c CMakeFiles/BuoyancyCabin.elf.dir/Drivers/STM32F4xx_HAL_Driver/Src/stm32f4xx_hal.c.obj
                0x08000674                HAL_InitTick
 .text.HAL_Init
                0x080006c0       0x34 CMakeFiles/BuoyancyCabin.elf.dir/Drivers/STM32F4xx_HAL_Driver/Src/stm32f4xx_hal.c.obj
                0x080006c0                HAL_Init
 .text.HAL_IncTick
                0x080006f4       0x18 CMakeFiles/BuoyancyCabin.elf.dir/Drivers/STM32F4xx_HAL_Driver/Src/stm32f4xx_hal.c.obj
                0x080006f4                HAL_IncTick
 .text.HAL_GetTick
                0x0800070c        0xc CMakeFiles/BuoyancyCabin.elf.dir/Drivers/STM32F4xx_HAL_Driver/Src/stm32f4xx_hal.c.obj
                0x0800070c                HAL_GetTick
 .text.HAL_NVIC_SetPriorityGrouping
                0x08000718       0x24 CMakeFiles/BuoyancyCabin.elf.dir/Drivers/STM32F4xx_HAL_Driver/Src/stm32f4xx_hal_cortex.c.obj
                0x08000718                HAL_NVIC_SetPriorityGrouping
 .text.HAL_NVIC_SetPriority
                0x0800073c       0x68 CMakeFiles/BuoyancyCabin.elf.dir/Drivers/STM32F4xx_HAL_Driver/Src/stm32f4xx_hal_cortex.c.obj
                0x0800073c                HAL_NVIC_SetPriority
 .text.HAL_SYSTICK_Config
                0x080007a4       0x2c CMakeFiles/BuoyancyCabin.elf.dir/Drivers/STM32F4xx_HAL_Driver/Src/stm32f4xx_hal_cortex.c.obj
                0x080007a4                HAL_SYSTICK_Config
 .text.HAL_RCC_OscConfig
                0x080007d0      0x3ec CMakeFiles/BuoyancyCabin.elf.dir/Drivers/STM32F4xx_HAL_Driver/Src/stm32f4xx_hal_rcc.c.obj
                0x080007d0                HAL_RCC_OscConfig
 .text.HAL_RCC_GetSysClockFreq
                0x08000bbc       0xd4 CMakeFiles/BuoyancyCabin.elf.dir/Drivers/STM32F4xx_HAL_Driver/Src/stm32f4xx_hal_rcc.c.obj
                0x08000bbc                HAL_RCC_GetSysClockFreq
 .text.HAL_RCC_ClockConfig
                0x08000c90      0x160 CMakeFiles/BuoyancyCabin.elf.dir/Drivers/STM32F4xx_HAL_Driver/Src/stm32f4xx_hal_rcc.c.obj
                0x08000c90                HAL_RCC_ClockConfig
 .text.__libc_init_array
                0x08000df0       0x48 e:/program files (x86)/gnu tools arm embedded/8 2019-q3-update/bin/../lib/gcc/arm-none-eabi/8.3.1/../../../../arm-none-eabi/lib/thumb/v7e-m/nofp\libg.a(lib_a-init.o)
                0x08000df0                __libc_init_array
 .text.memset   0x08000e38       0xa0 e:/program files (x86)/gnu tools arm embedded/8 2019-q3-update/bin/../lib/gcc/arm-none-eabi/8.3.1/../../../../arm-none-eabi/lib/thumb/v7e-m/nofp\libg.a(lib_a-memset.o)
                0x08000e38                memset
 .text.startup.register_fini
                0x08000ed8       0x14 e:/program files (x86)/gnu tools arm embedded/8 2019-q3-update/bin/../lib/gcc/arm-none-eabi/8.3.1/../../../../arm-none-eabi/lib/thumb/v7e-m/nofp\libg.a(lib_a-__call_atexit.o)
 .text.atexit   0x08000eec        0xc e:/program files (x86)/gnu tools arm embedded/8 2019-q3-update/bin/../lib/gcc/arm-none-eabi/8.3.1/../../../../arm-none-eabi/lib/thumb/v7e-m/nofp\libg.a(lib_a-atexit.o)
                0x08000eec                atexit
 .text.__libc_fini_array
                0x08000ef8       0x34 e:/program files (x86)/gnu tools arm embedded/8 2019-q3-update/bin/../lib/gcc/arm-none-eabi/8.3.1/../../../../arm-none-eabi/lib/thumb/v7e-m/nofp\libg.a(lib_a-fini.o)
                0x08000ef8                __libc_fini_array
 .text.__retarget_lock_acquire_recursive
                0x08000f2c        0x4 e:/program files (x86)/gnu tools arm embedded/8 2019-q3-update/bin/../lib/gcc/arm-none-eabi/8.3.1/../../../../arm-none-eabi/lib/thumb/v7e-m/nofp\libg.a(lib_a-lock.o)
                0x08000f2c                __retarget_lock_acquire_recursive
 .text.__retarget_lock_release_recursive
                0x08000f30        0x4 e:/program files (x86)/gnu tools arm embedded/8 2019-q3-update/bin/../lib/gcc/arm-none-eabi/8.3.1/../../../../arm-none-eabi/lib/thumb/v7e-m/nofp\libg.a(lib_a-lock.o)
                0x08000f30                __retarget_lock_release_recursive
 .text.__register_exitproc
                0x08000f34       0x88 e:/program files (x86)/gnu tools arm embedded/8 2019-q3-update/bin/../lib/gcc/arm-none-eabi/8.3.1/../../../../arm-none-eabi/lib/thumb/v7e-m/nofp\libg.a(lib_a-__atexit.o)
                0x08000f34                __register_exitproc
 *(.glue_7)
 .glue_7        0x08000fbc        0x0 linker stubs
 *(.glue_7t)
 .glue_7t       0x08000fbc        0x0 linker stubs
 *(.eh_frame)
 .eh_frame      0x08000fbc        0x0 e:/program files (x86)/gnu tools arm embedded/8 2019-q3-update/bin/../lib/gcc/arm-none-eabi/8.3.1/thumb/v7e-m/nofp/crtbegin.o
 *(.init)
 .init          0x08000fbc        0x4 e:/program files (x86)/gnu tools arm embedded/8 2019-q3-update/bin/../lib/gcc/arm-none-eabi/8.3.1/thumb/v7e-m/nofp/crti.o
                0x08000fbc                _init
 .init          0x08000fc0        0x8 e:/program files (x86)/gnu tools arm embedded/8 2019-q3-update/bin/../lib/gcc/arm-none-eabi/8.3.1/thumb/v7e-m/nofp/crtn.o
 *(.fini)
 .fini          0x08000fc8        0x4 e:/program files (x86)/gnu tools arm embedded/8 2019-q3-update/bin/../lib/gcc/arm-none-eabi/8.3.1/thumb/v7e-m/nofp/crti.o
                0x08000fc8                _fini
 .fini          0x08000fcc        0x8 e:/program files (x86)/gnu tools arm embedded/8 2019-q3-update/bin/../lib/gcc/arm-none-eabi/8.3.1/thumb/v7e-m/nofp/crtn.o
                0x08000fd4                . = ALIGN (0x4)
                0x08000fd4                _etext = .

.vfp11_veneer   0x08000fd4        0x0
 .vfp11_veneer  0x08000fd4        0x0 linker stubs

.v4_bx          0x08000fd4        0x0
 .v4_bx         0x08000fd4        0x0 linker stubs

.iplt           0x08000fd4        0x0
 .iplt          0x08000fd4        0x0 e:/program files (x86)/gnu tools arm embedded/8 2019-q3-update/bin/../lib/gcc/arm-none-eabi/8.3.1/thumb/v7e-m/nofp/crtbegin.o

.rodata         0x08000fd4       0x14
                0x08000fd4                . = ALIGN (0x4)
 *(.rodata)
 *(.rodata*)
 .rodata.AHBPrescTable
                0x08000fd4       0x10 CMakeFiles/BuoyancyCabin.elf.dir/Core/Src/system_stm32f4xx.c.obj
                0x08000fd4                AHBPrescTable
 .rodata._global_impure_ptr
                0x08000fe4        0x4 e:/program files (x86)/gnu tools arm embedded/8 2019-q3-update/bin/../lib/gcc/arm-none-eabi/8.3.1/../../../../arm-none-eabi/lib/thumb/v7e-m/nofp\libg.a(lib_a-impure.o)
                0x08000fe4                _global_impure_ptr
                0x08000fe8                . = ALIGN (0x4)

.ARM.extab      0x08000fe8        0x0
                0x08000fe8                . = ALIGN (0x4)
 *(.ARM.extab* .gnu.linkonce.armextab.*)
                0x08000fe8                . = ALIGN (0x4)

.ARM            0x08000fe8        0x8
                0x08000fe8                . = ALIGN (0x4)
                0x08000fe8                __exidx_start = .
 *(.ARM.exidx*)
 .ARM.exidx     0x08000fe8        0x8 e:/program files (x86)/gnu tools arm embedded/8 2019-q3-update/bin/../lib/gcc/arm-none-eabi/8.3.1/thumb/v7e-m/nofp\libgcc.a(_udivmoddi4.o)
                0x08000ff0                __exidx_end = .
                0x08000ff0                . = ALIGN (0x4)

.rel.dyn        0x08000ff0        0x0
 .rel.iplt      0x08000ff0        0x0 e:/program files (x86)/gnu tools arm embedded/8 2019-q3-update/bin/../lib/gcc/arm-none-eabi/8.3.1/thumb/v7e-m/nofp/crtbegin.o

.preinit_array  0x08000ff0        0x0
                0x08000ff0                . = ALIGN (0x4)
                0x08000ff0                PROVIDE (__preinit_array_start = .)
 *(.preinit_array*)
                0x08000ff0                PROVIDE (__preinit_array_end = .)
                0x08000ff0                . = ALIGN (0x4)

.init_array     0x08000ff0        0x8
                0x08000ff0                . = ALIGN (0x4)
                0x08000ff0                PROVIDE (__init_array_start = .)
 *(SORT_BY_NAME(.init_array.*))
 .init_array.00000
                0x08000ff0        0x4 e:/program files (x86)/gnu tools arm embedded/8 2019-q3-update/bin/../lib/gcc/arm-none-eabi/8.3.1/../../../../arm-none-eabi/lib/thumb/v7e-m/nofp\libg.a(lib_a-__call_atexit.o)
 *(.init_array*)
 .init_array    0x08000ff4        0x4 e:/program files (x86)/gnu tools arm embedded/8 2019-q3-update/bin/../lib/gcc/arm-none-eabi/8.3.1/thumb/v7e-m/nofp/crtbegin.o
                0x08000ff8                PROVIDE (__init_array_end = .)
                0x08000ff8                . = ALIGN (0x4)

.fini_array     0x08000ff8        0x4
                0x08000ff8                . = ALIGN (0x4)
                0x08000ff8                PROVIDE (__fini_array_start = .)
 *(SORT_BY_NAME(.fini_array.*))
 *(.fini_array*)
 .fini_array    0x08000ff8        0x4 e:/program files (x86)/gnu tools arm embedded/8 2019-q3-update/bin/../lib/gcc/arm-none-eabi/8.3.1/thumb/v7e-m/nofp/crtbegin.o
                0x08000ffc                PROVIDE (__fini_array_end = .)
                0x08000ffc                . = ALIGN (0x4)
                0x08000ffc                _sidata = LOADADDR (.data)

.data           0x20000000      0x43c load address 0x08000ffc
                0x20000000                . = ALIGN (0x4)
                0x20000000                _sdata = .
 *(.data)
 *(.data*)
 .data.SystemCoreClock
                0x20000000        0x4 CMakeFiles/BuoyancyCabin.elf.dir/Core/Src/system_stm32f4xx.c.obj
                0x20000000                SystemCoreClock
 .data.uwTickFreq
                0x20000004        0x1 CMakeFiles/BuoyancyCabin.elf.dir/Drivers/STM32F4xx_HAL_Driver/Src/stm32f4xx_hal.c.obj
                0x20000004                uwTickFreq
 *fill*         0x20000005        0x3 
 .data.uwTickPrio
                0x20000008        0x4 CMakeFiles/BuoyancyCabin.elf.dir/Drivers/STM32F4xx_HAL_Driver/Src/stm32f4xx_hal.c.obj
                0x20000008                uwTickPrio
 *fill*         0x2000000c        0x4 
 .data.impure_data
                0x20000010      0x428 e:/program files (x86)/gnu tools arm embedded/8 2019-q3-update/bin/../lib/gcc/arm-none-eabi/8.3.1/../../../../arm-none-eabi/lib/thumb/v7e-m/nofp\libg.a(lib_a-impure.o)
 .data.__atexit_recursive_mutex
                0x20000438        0x4 e:/program files (x86)/gnu tools arm embedded/8 2019-q3-update/bin/../lib/gcc/arm-none-eabi/8.3.1/../../../../arm-none-eabi/lib/thumb/v7e-m/nofp\libg.a(lib_a-__call_atexit.o)
                0x20000438                __atexit_recursive_mutex
                0x2000043c                . = ALIGN (0x4)
                0x2000043c                _edata = .

.igot.plt       0x2000043c        0x0 load address 0x08001438
 .igot.plt      0x2000043c        0x0 e:/program files (x86)/gnu tools arm embedded/8 2019-q3-update/bin/../lib/gcc/arm-none-eabi/8.3.1/thumb/v7e-m/nofp/crtbegin.o
                0x2000043c                . = ALIGN (0x4)

.bss            0x2000043c       0x44 load address 0x08001438
                0x2000043c                _sbss = .
                0x2000043c                __bss_start__ = _sbss
 *(.bss)
 .bss           0x2000043c       0x1c e:/program files (x86)/gnu tools arm embedded/8 2019-q3-update/bin/../lib/gcc/arm-none-eabi/8.3.1/thumb/v7e-m/nofp/crtbegin.o
 *(.bss*)
 .bss.uwTick    0x20000458        0x4 CMakeFiles/BuoyancyCabin.elf.dir/Drivers/STM32F4xx_HAL_Driver/Src/stm32f4xx_hal.c.obj
                0x20000458                uwTick
 *(COMMON)
 COMMON         0x2000045c       0x21 e:/program files (x86)/gnu tools arm embedded/8 2019-q3-update/bin/../lib/gcc/arm-none-eabi/8.3.1/../../../../arm-none-eabi/lib/thumb/v7e-m/nofp\libg.a(lib_a-lock.o)
                0x2000045c                __lock___atexit_recursive_mutex
                0x20000460                __lock___arc4random_mutex
                0x20000464                __lock___env_recursive_mutex
                0x20000468                __lock___sinit_recursive_mutex
                0x2000046c                __lock___malloc_recursive_mutex
                0x20000470                __lock___at_quick_exit_mutex
                0x20000474                __lock___dd_hash_mutex
                0x20000478                __lock___tz_mutex
                0x2000047c                __lock___sfp_recursive_mutex
                0x20000480                . = ALIGN (0x4)
 *fill*         0x2000047d        0x3 
                0x20000480                _ebss = .
                0x20000480                __bss_end__ = _ebss

._user_heap_stack
                0x20000480      0x600 load address 0x08001438
                0x20000480                . = ALIGN (0x8)
                [!provide]                PROVIDE (end = .)
                0x20000480                PROVIDE (_end = .)
                0x20000680                . = (. + _Min_Heap_Size)
 *fill*         0x20000480      0x200 
                0x20000a80                . = (. + _Min_Stack_Size)
 *fill*         0x20000680      0x400 
                0x20000a80                . = ALIGN (0x8)

/DISCARD/
 libc.a(*)
 libm.a(*)
 libgcc.a(*)

.ARM.attributes
                0x00000000       0x2a
 *(.ARM.attributes)
 .ARM.attributes
                0x00000000       0x1e e:/program files (x86)/gnu tools arm embedded/8 2019-q3-update/bin/../lib/gcc/arm-none-eabi/8.3.1/thumb/v7e-m/nofp/crti.o
 .ARM.attributes
                0x0000001e       0x2e e:/program files (x86)/gnu tools arm embedded/8 2019-q3-update/bin/../lib/gcc/arm-none-eabi/8.3.1/thumb/v7e-m/nofp/crtbegin.o
 .ARM.attributes
                0x0000004c       0x2e CMakeFiles/BuoyancyCabin.elf.dir/Core/Src/gpio.c.obj
 .ARM.attributes
                0x0000007a       0x2e CMakeFiles/BuoyancyCabin.elf.dir/Core/Src/main.c.obj
 .ARM.attributes
                0x000000a8       0x2e CMakeFiles/BuoyancyCabin.elf.dir/Core/Src/stm32f4xx_hal_msp.c.obj
 .ARM.attributes
                0x000000d6       0x2e CMakeFiles/BuoyancyCabin.elf.dir/Core/Src/stm32f4xx_it.c.obj
 .ARM.attributes
                0x00000104       0x2e CMakeFiles/BuoyancyCabin.elf.dir/Core/Src/system_stm32f4xx.c.obj
 .ARM.attributes
                0x00000132       0x21 CMakeFiles/BuoyancyCabin.elf.dir/Core/Startup/startup_stm32f405rgtx.s.obj
 .ARM.attributes
                0x00000153       0x2e CMakeFiles/BuoyancyCabin.elf.dir/Drivers/STM32F4xx_HAL_Driver/Src/stm32f4xx_hal.c.obj
 .ARM.attributes
                0x00000181       0x2e CMakeFiles/BuoyancyCabin.elf.dir/Drivers/STM32F4xx_HAL_Driver/Src/stm32f4xx_hal_cortex.c.obj
 .ARM.attributes
                0x000001af       0x2e CMakeFiles/BuoyancyCabin.elf.dir/Drivers/STM32F4xx_HAL_Driver/Src/stm32f4xx_hal_rcc.c.obj
 .ARM.attributes
                0x000001dd       0x1e e:/program files (x86)/gnu tools arm embedded/8 2019-q3-update/bin/../lib/gcc/arm-none-eabi/8.3.1/thumb/v7e-m/nofp\libgcc.a(_aeabi_uldivmod.o)
 .ARM.attributes
                0x000001fb       0x2e e:/program files (x86)/gnu tools arm embedded/8 2019-q3-update/bin/../lib/gcc/arm-none-eabi/8.3.1/thumb/v7e-m/nofp\libgcc.a(_udivmoddi4.o)
 .ARM.attributes
                0x00000229       0x1e e:/program files (x86)/gnu tools arm embedded/8 2019-q3-update/bin/../lib/gcc/arm-none-eabi/8.3.1/thumb/v7e-m/nofp\libgcc.a(_dvmd_tls.o)
 .ARM.attributes
                0x00000247       0x2e e:/program files (x86)/gnu tools arm embedded/8 2019-q3-update/bin/../lib/gcc/arm-none-eabi/8.3.1/../../../../arm-none-eabi/lib/thumb/v7e-m/nofp\libg.a(lib_a-impure.o)
 .ARM.attributes
                0x00000275       0x2e e:/program files (x86)/gnu tools arm embedded/8 2019-q3-update/bin/../lib/gcc/arm-none-eabi/8.3.1/../../../../arm-none-eabi/lib/thumb/v7e-m/nofp\libg.a(lib_a-init.o)
 .ARM.attributes
                0x000002a3       0x2e e:/program files (x86)/gnu tools arm embedded/8 2019-q3-update/bin/../lib/gcc/arm-none-eabi/8.3.1/../../../../arm-none-eabi/lib/thumb/v7e-m/nofp\libg.a(lib_a-memset.o)
 .ARM.attributes
                0x000002d1       0x2e e:/program files (x86)/gnu tools arm embedded/8 2019-q3-update/bin/../lib/gcc/arm-none-eabi/8.3.1/../../../../arm-none-eabi/lib/thumb/v7e-m/nofp\libg.a(lib_a-__call_atexit.o)
 .ARM.attributes
                0x000002ff       0x2e e:/program files (x86)/gnu tools arm embedded/8 2019-q3-update/bin/../lib/gcc/arm-none-eabi/8.3.1/../../../../arm-none-eabi/lib/thumb/v7e-m/nofp\libg.a(lib_a-atexit.o)
 .ARM.attributes
                0x0000032d       0x2e e:/program files (x86)/gnu tools arm embedded/8 2019-q3-update/bin/../lib/gcc/arm-none-eabi/8.3.1/../../../../arm-none-eabi/lib/thumb/v7e-m/nofp\libg.a(lib_a-fini.o)
 .ARM.attributes
                0x0000035b       0x2e e:/program files (x86)/gnu tools arm embedded/8 2019-q3-update/bin/../lib/gcc/arm-none-eabi/8.3.1/../../../../arm-none-eabi/lib/thumb/v7e-m/nofp\libg.a(lib_a-lock.o)
 .ARM.attributes
                0x00000389       0x2e e:/program files (x86)/gnu tools arm embedded/8 2019-q3-update/bin/../lib/gcc/arm-none-eabi/8.3.1/../../../../arm-none-eabi/lib/thumb/v7e-m/nofp\libg.a(lib_a-__atexit.o)
 .ARM.attributes
                0x000003b7       0x1e e:/program files (x86)/gnu tools arm embedded/8 2019-q3-update/bin/../lib/gcc/arm-none-eabi/8.3.1/thumb/v7e-m/nofp/crtn.o
OUTPUT(BuoyancyCabin.elf elf32-littlearm)

.debug_info     0x00000000     0x3c91
 .debug_info    0x00000000      0x390 CMakeFiles/BuoyancyCabin.elf.dir/Core/Src/gpio.c.obj
 .debug_info    0x00000390      0x646 CMakeFiles/BuoyancyCabin.elf.dir/Core/Src/main.c.obj
 .debug_info    0x000009d6      0x390 CMakeFiles/BuoyancyCabin.elf.dir/Core/Src/stm32f4xx_hal_msp.c.obj
 .debug_info    0x00000d66      0x238 CMakeFiles/BuoyancyCabin.elf.dir/Core/Src/stm32f4xx_it.c.obj
 .debug_info    0x00000f9e      0x5b9 CMakeFiles/BuoyancyCabin.elf.dir/Core/Src/system_stm32f4xx.c.obj
 .debug_info    0x00001557       0x22 CMakeFiles/BuoyancyCabin.elf.dir/Core/Startup/startup_stm32f405rgtx.s.obj
 .debug_info    0x00001579      0xa67 CMakeFiles/BuoyancyCabin.elf.dir/Drivers/STM32F4xx_HAL_Driver/Src/stm32f4xx_hal.c.obj
 .debug_info    0x00001fe0     0x1154 CMakeFiles/BuoyancyCabin.elf.dir/Drivers/STM32F4xx_HAL_Driver/Src/stm32f4xx_hal_cortex.c.obj
 .debug_info    0x00003134      0xb5d CMakeFiles/BuoyancyCabin.elf.dir/Drivers/STM32F4xx_HAL_Driver/Src/stm32f4xx_hal_rcc.c.obj

.debug_abbrev   0x00000000      0xec3
 .debug_abbrev  0x00000000      0x11a CMakeFiles/BuoyancyCabin.elf.dir/Core/Src/gpio.c.obj
 .debug_abbrev  0x0000011a      0x1e4 CMakeFiles/BuoyancyCabin.elf.dir/Core/Src/main.c.obj
 .debug_abbrev  0x000002fe      0x11a CMakeFiles/BuoyancyCabin.elf.dir/Core/Src/stm32f4xx_hal_msp.c.obj
 .debug_abbrev  0x00000418       0xef CMakeFiles/BuoyancyCabin.elf.dir/Core/Src/stm32f4xx_it.c.obj
 .debug_abbrev  0x00000507      0x148 CMakeFiles/BuoyancyCabin.elf.dir/Core/Src/system_stm32f4xx.c.obj
 .debug_abbrev  0x0000064f       0x12 CMakeFiles/BuoyancyCabin.elf.dir/Core/Startup/startup_stm32f405rgtx.s.obj
 .debug_abbrev  0x00000661      0x219 CMakeFiles/BuoyancyCabin.elf.dir/Drivers/STM32F4xx_HAL_Driver/Src/stm32f4xx_hal.c.obj
 .debug_abbrev  0x0000087a      0x39b CMakeFiles/BuoyancyCabin.elf.dir/Drivers/STM32F4xx_HAL_Driver/Src/stm32f4xx_hal_cortex.c.obj
 .debug_abbrev  0x00000c15      0x2ae CMakeFiles/BuoyancyCabin.elf.dir/Drivers/STM32F4xx_HAL_Driver/Src/stm32f4xx_hal_rcc.c.obj

.debug_aranges  0x00000000      0x340
 .debug_aranges
                0x00000000       0x20 CMakeFiles/BuoyancyCabin.elf.dir/Core/Src/gpio.c.obj
 .debug_aranges
                0x00000020       0x30 CMakeFiles/BuoyancyCabin.elf.dir/Core/Src/main.c.obj
 .debug_aranges
                0x00000050       0x20 CMakeFiles/BuoyancyCabin.elf.dir/Core/Src/stm32f4xx_hal_msp.c.obj
 .debug_aranges
                0x00000070       0x60 CMakeFiles/BuoyancyCabin.elf.dir/Core/Src/stm32f4xx_it.c.obj
 .debug_aranges
                0x000000d0       0x28 CMakeFiles/BuoyancyCabin.elf.dir/Core/Src/system_stm32f4xx.c.obj
 .debug_aranges
                0x000000f8       0x28 CMakeFiles/BuoyancyCabin.elf.dir/Core/Startup/startup_stm32f405rgtx.s.obj
 .debug_aranges
                0x00000120       0xf0 CMakeFiles/BuoyancyCabin.elf.dir/Drivers/STM32F4xx_HAL_Driver/Src/stm32f4xx_hal.c.obj
 .debug_aranges
                0x00000210       0xa8 CMakeFiles/BuoyancyCabin.elf.dir/Drivers/STM32F4xx_HAL_Driver/Src/stm32f4xx_hal_cortex.c.obj
 .debug_aranges
                0x000002b8       0x88 CMakeFiles/BuoyancyCabin.elf.dir/Drivers/STM32F4xx_HAL_Driver/Src/stm32f4xx_hal_rcc.c.obj

.debug_ranges   0x00000000      0x318
 .debug_ranges  0x00000000       0x10 CMakeFiles/BuoyancyCabin.elf.dir/Core/Src/gpio.c.obj
 .debug_ranges  0x00000010       0x20 CMakeFiles/BuoyancyCabin.elf.dir/Core/Src/main.c.obj
 .debug_ranges  0x00000030       0x10 CMakeFiles/BuoyancyCabin.elf.dir/Core/Src/stm32f4xx_hal_msp.c.obj
 .debug_ranges  0x00000040       0x50 CMakeFiles/BuoyancyCabin.elf.dir/Core/Src/stm32f4xx_it.c.obj
 .debug_ranges  0x00000090       0x18 CMakeFiles/BuoyancyCabin.elf.dir/Core/Src/system_stm32f4xx.c.obj
 .debug_ranges  0x000000a8       0x20 CMakeFiles/BuoyancyCabin.elf.dir/Core/Startup/startup_stm32f405rgtx.s.obj
 .debug_ranges  0x000000c8       0xe0 CMakeFiles/BuoyancyCabin.elf.dir/Drivers/STM32F4xx_HAL_Driver/Src/stm32f4xx_hal.c.obj
 .debug_ranges  0x000001a8       0xe0 CMakeFiles/BuoyancyCabin.elf.dir/Drivers/STM32F4xx_HAL_Driver/Src/stm32f4xx_hal_cortex.c.obj
 .debug_ranges  0x00000288       0x90 CMakeFiles/BuoyancyCabin.elf.dir/Drivers/STM32F4xx_HAL_Driver/Src/stm32f4xx_hal_rcc.c.obj

.debug_line     0x00000000     0x293f
 .debug_line    0x00000000      0x259 CMakeFiles/BuoyancyCabin.elf.dir/Core/Src/gpio.c.obj
 .debug_line    0x00000259      0x3d5 CMakeFiles/BuoyancyCabin.elf.dir/Core/Src/main.c.obj
 .debug_line    0x0000062e      0x267 CMakeFiles/BuoyancyCabin.elf.dir/Core/Src/stm32f4xx_hal_msp.c.obj
 .debug_line    0x00000895      0x317 CMakeFiles/BuoyancyCabin.elf.dir/Core/Src/stm32f4xx_it.c.obj
 .debug_line    0x00000bac      0x326 CMakeFiles/BuoyancyCabin.elf.dir/Core/Src/system_stm32f4xx.c.obj
 .debug_line    0x00000ed2       0xa4 CMakeFiles/BuoyancyCabin.elf.dir/Core/Startup/startup_stm32f405rgtx.s.obj
 .debug_line    0x00000f76      0x5fe CMakeFiles/BuoyancyCabin.elf.dir/Drivers/STM32F4xx_HAL_Driver/Src/stm32f4xx_hal.c.obj
 .debug_line    0x00001574      0x837 CMakeFiles/BuoyancyCabin.elf.dir/Drivers/STM32F4xx_HAL_Driver/Src/stm32f4xx_hal_cortex.c.obj
 .debug_line    0x00001dab      0xb94 CMakeFiles/BuoyancyCabin.elf.dir/Drivers/STM32F4xx_HAL_Driver/Src/stm32f4xx_hal_rcc.c.obj

.debug_str      0x00000000     0x1658
 .debug_str     0x00000000      0x389 CMakeFiles/BuoyancyCabin.elf.dir/Core/Src/gpio.c.obj
                                0x3db (size before relaxing)
 .debug_str     0x00000389      0x1e6 CMakeFiles/BuoyancyCabin.elf.dir/Core/Src/main.c.obj
                                0x596 (size before relaxing)
 .debug_str     0x0000056f       0x4b CMakeFiles/BuoyancyCabin.elf.dir/Core/Src/stm32f4xx_hal_msp.c.obj
                                0x3e7 (size before relaxing)
 .debug_str     0x000005ba       0xd6 CMakeFiles/BuoyancyCabin.elf.dir/Core/Src/stm32f4xx_it.c.obj
                                0x36f (size before relaxing)
 .debug_str     0x00000690       0xce CMakeFiles/BuoyancyCabin.elf.dir/Core/Src/system_stm32f4xx.c.obj
                                0x463 (size before relaxing)
 .debug_str     0x0000075e       0x55 CMakeFiles/BuoyancyCabin.elf.dir/Core/Startup/startup_stm32f405rgtx.s.obj
                                 0x89 (size before relaxing)
 .debug_str     0x000007b3      0x7e8 CMakeFiles/BuoyancyCabin.elf.dir/Drivers/STM32F4xx_HAL_Driver/Src/stm32f4xx_hal.c.obj
                                0xbd4 (size before relaxing)
 .debug_str     0x00000f9b      0x48a CMakeFiles/BuoyancyCabin.elf.dir/Drivers/STM32F4xx_HAL_Driver/Src/stm32f4xx_hal_cortex.c.obj
                                0xd13 (size before relaxing)
 .debug_str     0x00001425      0x233 CMakeFiles/BuoyancyCabin.elf.dir/Drivers/STM32F4xx_HAL_Driver/Src/stm32f4xx_hal_rcc.c.obj
                                0x7d8 (size before relaxing)

.comment        0x00000000       0x76
 .comment       0x00000000       0x76 CMakeFiles/BuoyancyCabin.elf.dir/Core/Src/gpio.c.obj
                                 0x77 (size before relaxing)
 .comment       0x00000076       0x77 CMakeFiles/BuoyancyCabin.elf.dir/Core/Src/main.c.obj
 .comment       0x00000076       0x77 CMakeFiles/BuoyancyCabin.elf.dir/Core/Src/stm32f4xx_hal_msp.c.obj
 .comment       0x00000076       0x77 CMakeFiles/BuoyancyCabin.elf.dir/Core/Src/stm32f4xx_it.c.obj
 .comment       0x00000076       0x77 CMakeFiles/BuoyancyCabin.elf.dir/Core/Src/system_stm32f4xx.c.obj
 .comment       0x00000076       0x77 CMakeFiles/BuoyancyCabin.elf.dir/Drivers/STM32F4xx_HAL_Driver/Src/stm32f4xx_hal.c.obj
 .comment       0x00000076       0x77 CMakeFiles/BuoyancyCabin.elf.dir/Drivers/STM32F4xx_HAL_Driver/Src/stm32f4xx_hal_cortex.c.obj
 .comment       0x00000076       0x77 CMakeFiles/BuoyancyCabin.elf.dir/Drivers/STM32F4xx_HAL_Driver/Src/stm32f4xx_hal_rcc.c.obj

.debug_frame    0x00000000      0x894
 .debug_frame   0x00000000       0x28 CMakeFiles/BuoyancyCabin.elf.dir/Core/Src/gpio.c.obj
 .debug_frame   0x00000028       0x58 CMakeFiles/BuoyancyCabin.elf.dir/Core/Src/main.c.obj
 .debug_frame   0x00000080       0x28 CMakeFiles/BuoyancyCabin.elf.dir/Core/Src/stm32f4xx_hal_msp.c.obj
 .debug_frame   0x000000a8       0xa8 CMakeFiles/BuoyancyCabin.elf.dir/Core/Src/stm32f4xx_it.c.obj
 .debug_frame   0x00000150       0x30 CMakeFiles/BuoyancyCabin.elf.dir/Core/Src/system_stm32f4xx.c.obj
 .debug_frame   0x00000180      0x1ec CMakeFiles/BuoyancyCabin.elf.dir/Drivers/STM32F4xx_HAL_Driver/Src/stm32f4xx_hal.c.obj
 .debug_frame   0x0000036c      0x15c CMakeFiles/BuoyancyCabin.elf.dir/Drivers/STM32F4xx_HAL_Driver/Src/stm32f4xx_hal_cortex.c.obj
 .debug_frame   0x000004c8      0x178 CMakeFiles/BuoyancyCabin.elf.dir/Drivers/STM32F4xx_HAL_Driver/Src/stm32f4xx_hal_rcc.c.obj
 .debug_frame   0x00000640       0x2c e:/program files (x86)/gnu tools arm embedded/8 2019-q3-update/bin/../lib/gcc/arm-none-eabi/8.3.1/thumb/v7e-m/nofp\libgcc.a(_aeabi_uldivmod.o)
 .debug_frame   0x0000066c       0x34 e:/program files (x86)/gnu tools arm embedded/8 2019-q3-update/bin/../lib/gcc/arm-none-eabi/8.3.1/thumb/v7e-m/nofp\libgcc.a(_udivmoddi4.o)
 .debug_frame   0x000006a0       0x2c e:/program files (x86)/gnu tools arm embedded/8 2019-q3-update/bin/../lib/gcc/arm-none-eabi/8.3.1/../../../../arm-none-eabi/lib/thumb/v7e-m/nofp\libg.a(lib_a-init.o)
 .debug_frame   0x000006cc       0x38 e:/program files (x86)/gnu tools arm embedded/8 2019-q3-update/bin/../lib/gcc/arm-none-eabi/8.3.1/../../../../arm-none-eabi/lib/thumb/v7e-m/nofp\libg.a(lib_a-memset.o)
 .debug_frame   0x00000704       0x5c e:/program files (x86)/gnu tools arm embedded/8 2019-q3-update/bin/../lib/gcc/arm-none-eabi/8.3.1/../../../../arm-none-eabi/lib/thumb/v7e-m/nofp\libg.a(lib_a-__call_atexit.o)
 .debug_frame   0x00000760       0x20 e:/program files (x86)/gnu tools arm embedded/8 2019-q3-update/bin/../lib/gcc/arm-none-eabi/8.3.1/../../../../arm-none-eabi/lib/thumb/v7e-m/nofp\libg.a(lib_a-atexit.o)
 .debug_frame   0x00000780       0x34 e:/program files (x86)/gnu tools arm embedded/8 2019-q3-update/bin/../lib/gcc/arm-none-eabi/8.3.1/../../../../arm-none-eabi/lib/thumb/v7e-m/nofp\libg.a(lib_a-fini.o)
 .debug_frame   0x000007b4       0xb0 e:/program files (x86)/gnu tools arm embedded/8 2019-q3-update/bin/../lib/gcc/arm-none-eabi/8.3.1/../../../../arm-none-eabi/lib/thumb/v7e-m/nofp\libg.a(lib_a-lock.o)
 .debug_frame   0x00000864       0x30 e:/program files (x86)/gnu tools arm embedded/8 2019-q3-update/bin/../lib/gcc/arm-none-eabi/8.3.1/../../../../arm-none-eabi/lib/thumb/v7e-m/nofp\libg.a(lib_a-__atexit.o)

.debug_loc      0x00000000      0xf05
 .debug_loc     0x00000000      0x16c CMakeFiles/BuoyancyCabin.elf.dir/Core/Src/system_stm32f4xx.c.obj
 .debug_loc     0x0000016c      0x141 CMakeFiles/BuoyancyCabin.elf.dir/Drivers/STM32F4xx_HAL_Driver/Src/stm32f4xx_hal.c.obj
 .debug_loc     0x000002ad      0x700 CMakeFiles/BuoyancyCabin.elf.dir/Drivers/STM32F4xx_HAL_Driver/Src/stm32f4xx_hal_cortex.c.obj
 .debug_loc     0x000009ad      0x558 CMakeFiles/BuoyancyCabin.elf.dir/Drivers/STM32F4xx_HAL_Driver/Src/stm32f4xx_hal_rcc.c.obj
